  Determinando os projetos a serem restaurados...
  c:\Projetos\digivice\Backend\Backend.csproj restaurado (em 222 ms).
c:\Projetos\digivice\Backend\Debug\DebugMonitor.cs(51,54): error CS1503: Argumento 1: n├úo ├® poss├¡vel converter de "Backend.Models.Player" para "Backend.Models.State?" [c:\Projetos\digivice\Backend\Backend.csproj]
c:\Projetos\digivice\Backend\Infrastructure\Memory\WindowsMemoryProvider.cs(12,27): warning CA1416: Este site de chamada pode ser acessado em todas as plataformas. S├│ h├í suporte para 'MemoryMappedFile.OpenExisting(string)' em: 'windows'. (https://learn.microsoft.com/dotnet/fundamentals/code-analysis/quality-rules/ca1416) [c:\Projetos\digivice\Backend\Backend.csproj]

FALHA da compila├º├úo.

c:\Projetos\digivice\Backend\Infrastructure\Memory\WindowsMemoryProvider.cs(12,27): warning CA1416: Este site de chamada pode ser acessado em todas as plataformas. S├│ h├í suporte para 'MemoryMappedFile.OpenExisting(string)' em: 'windows'. (https://learn.microsoft.com/dotnet/fundamentals/code-analysis/quality-rules/ca1416) [c:\Projetos\digivice\Backend\Backend.csproj]
c:\Projetos\digivice\Backend\Debug\DebugMonitor.cs(51,54): error CS1503: Argumento 1: n├úo ├® poss├¡vel converter de "Backend.Models.Player" para "Backend.Models.State?" [c:\Projetos\digivice\Backend\Backend.csproj]
    1 Aviso(s)
    1 Erro(s)

Tempo Decorrido 00:00:01.34
